// Jest Snapshot v1, https://goo.gl/fbAQLP

exports[`PopUpMenu renders correctly 1`] = `
<View>
  <View
    accessible={true}
    collapsable={false}
    focusable={true}
    onClick={[Function]}
    onResponderGrant={[Function]}
    onResponderMove={[Function]}
    onResponderRelease={[Function]}
    onResponderTerminate={[Function]}
    onResponderTerminationRequest={[Function]}
    onStartShouldSetResponder={[Function]}
    style={
      Object {
        "opacity": 1,
      }
    }
  >
    <Text />
  </View>
  <Modal
    hardwareAccelerated={false}
    testID="popup_menu"
    transparent={true}
    visible={false}
  />
</View>
`;
